// Jest Snapshot v1, https://goo.gl/fbAQLP

exports[`renders app 1`] = `
<DocumentFragment>
  <div
    class="container"
  >
    <h1>
      Products
    </h1>
    <div>
      Select Filter
      <button
        class="tag "
      >
        black
      </button>
      <button
        class="tag "
      >
        chocolate
      </button>
      <button
        class="tag "
      >
        milk
      </button>
      <button
        class="tag "
      >
        froth
      </button>
      <button
        class="tag "
      >
        water
      </button>
    </div>
    <div>
      <div
        class="product"
      >
        <div
          class="product_header"
        >
          <h2>
            Expresso
          </h2>
          <div>
            <button>
              +
            </button>
          </div>
        </div>
        <strong>
          $5.5
        </strong>
        <div />
      </div>
      <div
        class="product"
      >
        <div
          class="product_header"
        >
          <h2>
            Latte
          </h2>
          <div>
            <button>
              +
            </button>
          </div>
        </div>
        <strong>
          $4.5
        </strong>
        <div />
      </div>
      <div
        class="product"
      >
        <div
          class="product_header"
        >
          <h2>
            Capuchinno
          </h2>
          <div>
            <button>
              +
            </button>
          </div>
        </div>
        <strong>
          $5
        </strong>
        <div />
      </div>
      <div
        class="product"
      >
        <div
          class="product_header"
        >
          <h2>
            Flat white
          </h2>
          <div>
            <button>
              +
            </button>
          </div>
        </div>
        <strong>
          $4.5
        </strong>
        <div />
      </div>
      <div
        class="product"
      >
        <div
          class="product_header"
        >
          <h2>
            Americano
          </h2>
          <div>
            <button>
              +
            </button>
          </div>
        </div>
        <strong>
          $4.5
        </strong>
        <div />
      </div>
      <div
        class="product"
      >
        <div
          class="product_header"
        >
          <h2>
            Mocha
          </h2>
          <div>
            <button>
              +
            </button>
          </div>
        </div>
        <strong>
          $6
        </strong>
        <div />
      </div>
    </div>
  </div>
</DocumentFragment>
`;
