// Jest Snapshot v1, https://goo.gl/fbAQLP

exports[`renders CommentSection 1`] = `<DocumentFragment />`;
