// Jest Snapshot v1, https://goo.gl/fbAQLP

exports[`renders a tag 1`] = `
<DocumentFragment>
  <button
    class="tag "
  >
    milk
  </button>
</DocumentFragment>
`;
